// Jest Snapshot v1, https://goo.gl/fbAQLP

exports[`migrate-naming-conventions generator should not replace helm identifiers 1`] = `
"import { Component } from '@angular/core';
import { NgIcon } from '@ng-icons/core';
import {
	HlmAccordionContent,
	HlmAccordion,
	HlmAccordionIcon,
	HlmAccordionItem,
	HlmAccordionTrigger,
} from '@spartan-ng/helm/accordion';
import { HlmIcon } from '@spartan-ng/helm/icon';

@Component({
	selector: 'spartan-accordion-preview',
	imports: [
		HlmAccordion,
		HlmAccordionItem,
		HlmAccordionTrigger,
		HlmAccordionIcon,
		HlmAccordionContent,
		NgIcon,
		HlmIcon,
	],
	template: \`
		<div hlmAccordion>
			<div hlmAccordionItem>
				<button hlmAccordionTrigger>
					Product Information
					<ng-icon name="lucideChevronDown" hlm hlmAccIcon />
				</button>
				<hlm-accordion-content>
					Our flagship product combines cutting-edge technology with sleek design. Built with premium materials, it
					offers unparalleled performance and reliability.

					<br />
					<br />

					Key features include advanced processing capabilities, and an intuitive user interface designed for both
					beginners and experts.
				</hlm-accordion-content>
			</div>

			<div hlmAccordionItem>
				<button hlmAccordionTrigger>
					Shipping Details
					<ng-icon name="lucideChevronDown" hlm hlmAccIcon />
				</button>
				<hlm-accordion-content>
					We offer worldwide shipping through trusted courier partners. Standard delivery takes 3-5 business days, while
					express shipping ensures delivery within 1-2 business days.

					<br />
					<br />
					All orders are carefully packaged and fully insured. Track your shipment in real-time through our dedicated
					tracking portal.
				</hlm-accordion-content>
			</div>

			<div hlmAccordionItem>
				<button hlmAccordionTrigger>
					Return Policy
					<ng-icon name="lucideChevronDown" hlm hlmAccIcon />
				</button>
				<hlm-accordion-content>
					We stand behind our products with a comprehensive 30-day return policy. If you're not completely satisfied,
					simply return the item in its original condition.
					<br />
					<br />
					Our hassle-free return process includes free return shipping and full refunds processed within 48 hours of
					receiving the returned item.
				</hlm-accordion-content>
			</div>
		</div>
	\`,
})
export class AccordionPreviewComponent {}"
`;

exports[`migrate-naming-conventions generator should rename the identifiers that changed name 1`] = `
"import { Component } from '@angular/core';
import { BrnTooltipContentTemplate } from '@spartan-ng/brain/tooltip';
import {HlmMenuItemRadioIndicator} from '@spartan-ng/helm/menu';
import { BrnSelectValueTemplate } from '@spartan-ng/brain/select';

@Component({
	selector: 'spartan-tooltip-preview',
	imports: [BrnTooltipContentTemplate, HlmMenuItemRadioIndicator, BrnSelectValueTemplate],
	template: \`
		<brn-tooltip>
			<button brnTooltipTrigger>Hover me</button>
			<brn-tooltip-content>
				<p>This is a tooltip!</p>
			</brn-tooltip-content>
		</brn-tooltip>
	\`,
})
export class TooltipPreviewComponent {}"
`;

exports[`migrate-naming-conventions generator should replace brain identifiers 1`] = `
"
import { Component, signal } from '@angular/core';
import { NgIcon, provideIcons } from '@ng-icons/core';
import { lucideCheck, lucideChevronsUpDown, lucideSearch } from '@ng-icons/lucide';
import { BrnCommandImports } from '@spartan-ng/brain/command';
import { BrnPopover, BrnPopoverContent, BrnPopoverTrigger } from '@spartan-ng/brain/popover';
import { HlmButton } from '@spartan-ng/helm/button';
import { HlmCommandImports } from '@spartan-ng/helm/command';
import { HlmIcon } from '@spartan-ng/helm/icon';
import { HlmPopoverContent } from '@spartan-ng/helm/popover';

type Framework = { label: string; value: string };

@Component({
	selector: 'spartan-combobox-preview',
	imports: [
		BrnCommandImports,
		HlmCommandImports,
		NgIcon,
		HlmIcon,
		HlmButton,
		BrnPopover,
		BrnPopoverTrigger,
		HlmPopoverContent,
		BrnPopoverContent,
	],
	providers: [provideIcons({ lucideChevronsUpDown, lucideSearch, lucideCheck })],
	template: \`
		<brn-popover [state]="state()" (stateChanged)="stateChanged($event)" sideOffset="5">
			<button
				class="w-[200px] justify-between"
				id="edit-profile"
				variant="outline"
				brnPopoverTrigger
				(click)="state.set('open')"
				hlmBtn
			>
				{{ currentFramework() ? currentFramework()?.label : 'Select framework...' }}
				<ng-icon hlm size="sm" name="lucideChevronsUpDown" class="opacity-50" />
			</button>
			<hlm-command *brnPopoverContent="let ctx" hlmPopoverContent class="w-[200px] p-0">
				<hlm-command-search>
					<ng-icon hlm name="lucideSearch" />
					<input placeholder="Search framework..." hlm-command-search-input />
				</hlm-command-search>
				<div *brnCommandEmpty hlmCommandEmpty>No results found.</div>
				<hlm-command-list>
					<hlm-command-group>
						@for (framework of frameworks; track framework) {
							<button hlm-command-item [value]="framework.value" (selected)="commandSelected(framework)">
								<span>{{ framework.label }}</span>
								<ng-icon
									hlm
									class="ml-auto"
									[class.opacity-0]="currentFramework()?.value !== framework.value"
									name="lucideCheck"
									hlmCommandIcon
								/>
							</button>
						}
					</hlm-command-group>
				</hlm-command-list>
			</hlm-command>
		</brn-popover>
	\`,
})
export class ComboboxPreviewComponent {
	public frameworks = [
		{
			label: 'AnalogJs',
			value: 'analogjs',
		},
		{
			label: 'Angular',
			value: 'angular',
		},
		{
			label: 'Vue',
			value: 'vue',
		},
		{
			label: 'Nuxt',
			value: 'nuxt',
		},
		{
			label: 'React',
			value: 'react',
		},
		{
			label: 'NextJs',
			value: 'nextjs',
		},
	];
	public currentFramework = signal<Framework | undefined>(undefined);
	public state = signal<'closed' | 'open'>('closed');

	stateChanged(state: 'open' | 'closed') {
		this.state.set(state);
	}

	commandSelected(framework: Framework) {
		this.state.set('closed');
		if (this.currentFramework()?.value === framework.value) {
			this.currentFramework.set(undefined);
		} else {
			this.currentFramework.set(framework);
		}
	}
}
"
`;
